// Jest Snapshot v1, https://goo.gl/fbAQLP

exports[`Pruebas en GifGridItem Debe de hacer match con el snapshot  1`] = `
<div>
  <div
    class="card"
  >
    <img
      alt="Goku"
      src="http://jopsavicente.dev/"
    />
    <p>
      Goku
    </p>
  </div>
</div>
`;
